.dockerenv
app/
app/data/
app/data/diagnoses.json
app/data/patients.js
app/node_modules/
app/node_modules/.bin/
app/node_modules/.bin/mime
app/node_modules/@bitjourney/
app/node_modules/@bitjourney/uuid-v4/
app/node_modules/@bitjourney/uuid-v4/LICENSE.md
app/node_modules/@bitjourney/uuid-v4/README.md
app/node_modules/@bitjourney/uuid-v4/dist/
app/node_modules/@bitjourney/uuid-v4/dist/rng.d.ts
app/node_modules/@bitjourney/uuid-v4/dist/rng.js
app/node_modules/@bitjourney/uuid-v4/dist/rng.js.map
app/node_modules/@bitjourney/uuid-v4/dist/uuid-v4.d.ts
app/node_modules/@bitjourney/uuid-v4/dist/uuid-v4.js
app/node_modules/@bitjourney/uuid-v4/dist/uuid-v4.js.map
app/node_modules/@bitjourney/uuid-v4/example/
app/node_modules/@bitjourney/uuid-v4/example/gen.ts
app/node_modules/@bitjourney/uuid-v4/package.json
app/node_modules/@bitjourney/uuid-v4/src/
app/node_modules/@bitjourney/uuid-v4/src/rng.ts
app/node_modules/@bitjourney/uuid-v4/src/uuid-v4.ts
app/node_modules/@bitjourney/uuid-v4/test/
app/node_modules/@bitjourney/uuid-v4/test/uuid-v4.test.ts
app/node_modules/@bitjourney/uuid-v4/tsconfig.json
app/node_modules/@bitjourney/uuid-v4/tslint.json
app/node_modules/accepts/
app/node_modules/accepts/HISTORY.md
app/node_modules/accepts/LICENSE
app/node_modules/accepts/README.md
app/node_modules/accepts/index.js
app/node_modules/accepts/package.json
app/node_modules/array-flatten/
app/node_modules/array-flatten/LICENSE
app/node_modules/array-flatten/README.md
app/node_modules/array-flatten/array-flatten.js
app/node_modules/array-flatten/package.json
app/node_modules/body-parser/
app/node_modules/body-parser/HISTORY.md
app/node_modules/body-parser/LICENSE
app/node_modules/body-parser/README.md
app/node_modules/body-parser/index.js
app/node_modules/body-parser/lib/
app/node_modules/body-parser/lib/read.js
app/node_modules/body-parser/lib/types/
app/node_modules/body-parser/lib/types/json.js
app/node_modules/body-parser/lib/types/raw.js
app/node_modules/body-parser/lib/types/text.js
app/node_modules/body-parser/lib/types/urlencoded.js
app/node_modules/body-parser/package.json
app/node_modules/bytes/
app/node_modules/bytes/History.md
app/node_modules/bytes/LICENSE
app/node_modules/bytes/Readme.md
app/node_modules/bytes/index.js
app/node_modules/bytes/package.json
app/node_modules/content-disposition/
app/node_modules/content-disposition/HISTORY.md
app/node_modules/content-disposition/LICENSE
app/node_modules/content-disposition/README.md
app/node_modules/content-disposition/index.js
app/node_modules/content-disposition/package.json
app/node_modules/content-type/
app/node_modules/content-type/HISTORY.md
app/node_modules/content-type/LICENSE
app/node_modules/content-type/README.md
app/node_modules/content-type/index.js
app/node_modules/content-type/package.json
app/node_modules/cookie/
app/node_modules/cookie/HISTORY.md
app/node_modules/cookie/LICENSE
app/node_modules/cookie/README.md
app/node_modules/cookie/index.js
app/node_modules/cookie/package.json
app/node_modules/cookie-signature/
app/node_modules/cookie-signature/.npmignore
app/node_modules/cookie-signature/History.md
app/node_modules/cookie-signature/Readme.md
app/node_modules/cookie-signature/index.js
app/node_modules/cookie-signature/package.json
app/node_modules/cors/
app/node_modules/cors/CONTRIBUTING.md
app/node_modules/cors/HISTORY.md
app/node_modules/cors/LICENSE
app/node_modules/cors/README.md
app/node_modules/cors/lib/
app/node_modules/cors/lib/index.js
app/node_modules/cors/package.json
app/node_modules/debug/
app/node_modules/debug/.coveralls.yml
app/node_modules/debug/.eslintrc
app/node_modules/debug/.npmignore
app/node_modules/debug/.travis.yml
app/node_modules/debug/CHANGELOG.md
app/node_modules/debug/LICENSE
app/node_modules/debug/Makefile
app/node_modules/debug/README.md
app/node_modules/debug/component.json
app/node_modules/debug/karma.conf.js
app/node_modules/debug/node.js
app/node_modules/debug/package.json
app/node_modules/debug/src/
app/node_modules/debug/src/browser.js
app/node_modules/debug/src/debug.js
app/node_modules/debug/src/index.js
app/node_modules/debug/src/inspector-log.js
app/node_modules/debug/src/node.js
app/node_modules/depd/
app/node_modules/depd/History.md
app/node_modules/depd/LICENSE
app/node_modules/depd/Readme.md
app/node_modules/depd/index.js
app/node_modules/depd/lib/
app/node_modules/depd/lib/browser/
app/node_modules/depd/lib/browser/index.js
app/node_modules/depd/lib/compat/
app/node_modules/depd/lib/compat/callsite-tostring.js
app/node_modules/depd/lib/compat/event-listener-count.js
app/node_modules/depd/lib/compat/index.js
app/node_modules/depd/package.json
app/node_modules/destroy/
app/node_modules/destroy/LICENSE
app/node_modules/destroy/README.md
app/node_modules/destroy/index.js
app/node_modules/destroy/package.json
app/node_modules/dotenv/
app/node_modules/dotenv/CHANGELOG.md
app/node_modules/dotenv/LICENSE
app/node_modules/dotenv/README.md
app/node_modules/dotenv/config.js
app/node_modules/dotenv/lib/
app/node_modules/dotenv/lib/cli-options.js
app/node_modules/dotenv/lib/env-options.js
app/node_modules/dotenv/lib/main.js
app/node_modules/dotenv/package.json
app/node_modules/dotenv/types/
app/node_modules/dotenv/types/index.d.ts
app/node_modules/dotenv/types/test.ts
app/node_modules/dotenv/types/tsconfig.json
app/node_modules/dotenv/types/tslint.json
app/node_modules/ee-first/
app/node_modules/ee-first/LICENSE
app/node_modules/ee-first/README.md
app/node_modules/ee-first/index.js
app/node_modules/ee-first/package.json
app/node_modules/encodeurl/
app/node_modules/encodeurl/HISTORY.md
app/node_modules/encodeurl/LICENSE
app/node_modules/encodeurl/README.md
app/node_modules/encodeurl/index.js
app/node_modules/encodeurl/package.json
app/node_modules/escape-html/
app/node_modules/escape-html/LICENSE
app/node_modules/escape-html/Readme.md
app/node_modules/escape-html/index.js
app/node_modules/escape-html/package.json
app/node_modules/etag/
app/node_modules/etag/HISTORY.md
app/node_modules/etag/LICENSE
app/node_modules/etag/README.md
app/node_modules/etag/index.js
app/node_modules/etag/package.json
app/node_modules/express/
app/node_modules/express/History.md
app/node_modules/express/LICENSE
app/node_modules/express/Readme.md
app/node_modules/express/index.js
app/node_modules/express/lib/
app/node_modules/express/lib/application.js
app/node_modules/express/lib/express.js
app/node_modules/express/lib/middleware/
app/node_modules/express/lib/middleware/init.js
app/node_modules/express/lib/middleware/query.js
app/node_modules/express/lib/request.js
app/node_modules/express/lib/response.js
app/node_modules/express/lib/router/
app/node_modules/express/lib/router/index.js
app/node_modules/express/lib/router/layer.js
app/node_modules/express/lib/router/route.js
app/node_modules/express/lib/utils.js
app/node_modules/express/lib/view.js
app/node_modules/express/package.json
app/node_modules/finalhandler/
app/node_modules/finalhandler/HISTORY.md
app/node_modules/finalhandler/LICENSE
app/node_modules/finalhandler/README.md
app/node_modules/finalhandler/index.js
app/node_modules/finalhandler/package.json
app/node_modules/forwarded/
app/node_modules/forwarded/HISTORY.md
app/node_modules/forwarded/LICENSE
app/node_modules/forwarded/README.md
app/node_modules/forwarded/index.js
app/node_modules/forwarded/package.json
app/node_modules/fresh/
app/node_modules/fresh/HISTORY.md
app/node_modules/fresh/LICENSE
app/node_modules/fresh/README.md
app/node_modules/fresh/index.js
app/node_modules/fresh/package.json
app/node_modules/http-errors/
app/node_modules/http-errors/HISTORY.md
app/node_modules/http-errors/LICENSE
app/node_modules/http-errors/README.md
app/node_modules/http-errors/index.js
app/node_modules/http-errors/package.json
app/node_modules/iconv-lite/
app/node_modules/iconv-lite/Changelog.md
app/node_modules/iconv-lite/LICENSE
app/node_modules/iconv-lite/README.md
app/node_modules/iconv-lite/encodings/
app/node_modules/iconv-lite/encodings/dbcs-codec.js
app/node_modules/iconv-lite/encodings/dbcs-data.js
app/node_modules/iconv-lite/encodings/index.js
app/node_modules/iconv-lite/encodings/internal.js
app/node_modules/iconv-lite/encodings/sbcs-codec.js
app/node_modules/iconv-lite/encodings/sbcs-data-generated.js
app/node_modules/iconv-lite/encodings/sbcs-data.js
app/node_modules/iconv-lite/encodings/tables/
app/node_modules/iconv-lite/encodings/tables/big5-added.json
app/node_modules/iconv-lite/encodings/tables/cp936.json
app/node_modules/iconv-lite/encodings/tables/cp949.json
app/node_modules/iconv-lite/encodings/tables/cp950.json
app/node_modules/iconv-lite/encodings/tables/eucjp.json
app/node_modules/iconv-lite/encodings/tables/gb18030-ranges.json
app/node_modules/iconv-lite/encodings/tables/gbk-added.json
app/node_modules/iconv-lite/encodings/tables/shiftjis.json
app/node_modules/iconv-lite/encodings/utf16.js
app/node_modules/iconv-lite/encodings/utf7.js
app/node_modules/iconv-lite/lib/
app/node_modules/iconv-lite/lib/bom-handling.js
app/node_modules/iconv-lite/lib/extend-node.js
app/node_modules/iconv-lite/lib/index.d.ts
app/node_modules/iconv-lite/lib/index.js
app/node_modules/iconv-lite/lib/streams.js
app/node_modules/iconv-lite/package.json
app/node_modules/inherits/
app/node_modules/inherits/LICENSE
app/node_modules/inherits/README.md
app/node_modules/inherits/inherits.js
app/node_modules/inherits/inherits_browser.js
app/node_modules/inherits/package.json
app/node_modules/ipaddr.js/
app/node_modules/ipaddr.js/LICENSE
app/node_modules/ipaddr.js/README.md
app/node_modules/ipaddr.js/ipaddr.min.js
app/node_modules/ipaddr.js/lib/
app/node_modules/ipaddr.js/lib/ipaddr.js
app/node_modules/ipaddr.js/lib/ipaddr.js.d.ts
app/node_modules/ipaddr.js/package.json
app/node_modules/media-typer/
app/node_modules/media-typer/HISTORY.md
app/node_modules/media-typer/LICENSE
app/node_modules/media-typer/README.md
app/node_modules/media-typer/index.js
app/node_modules/media-typer/package.json
app/node_modules/merge-descriptors/
app/node_modules/merge-descriptors/HISTORY.md
app/node_modules/merge-descriptors/LICENSE
app/node_modules/merge-descriptors/README.md
app/node_modules/merge-descriptors/index.js
app/node_modules/merge-descriptors/package.json
app/node_modules/methods/
app/node_modules/methods/HISTORY.md
app/node_modules/methods/LICENSE
app/node_modules/methods/README.md
app/node_modules/methods/index.js
app/node_modules/methods/package.json
app/node_modules/mime/
app/node_modules/mime/.npmignore
app/node_modules/mime/CHANGELOG.md
app/node_modules/mime/LICENSE
app/node_modules/mime/README.md
app/node_modules/mime/cli.js
app/node_modules/mime/mime.js
app/node_modules/mime/package.json
app/node_modules/mime/src/
app/node_modules/mime/src/build.js
app/node_modules/mime/src/test.js
app/node_modules/mime/types.json
app/node_modules/mime-db/
app/node_modules/mime-db/HISTORY.md
app/node_modules/mime-db/LICENSE
app/node_modules/mime-db/README.md
app/node_modules/mime-db/db.json
app/node_modules/mime-db/index.js
app/node_modules/mime-db/package.json
app/node_modules/mime-types/
app/node_modules/mime-types/HISTORY.md
app/node_modules/mime-types/LICENSE
app/node_modules/mime-types/README.md
app/node_modules/mime-types/index.js
app/node_modules/mime-types/package.json
app/node_modules/ms/
app/node_modules/ms/index.js
app/node_modules/ms/license.md
app/node_modules/ms/package.json
app/node_modules/ms/readme.md
app/node_modules/negotiator/
app/node_modules/negotiator/HISTORY.md
app/node_modules/negotiator/LICENSE
app/node_modules/negotiator/README.md
app/node_modules/negotiator/index.js
app/node_modules/negotiator/lib/
app/node_modules/negotiator/lib/charset.js
app/node_modules/negotiator/lib/encoding.js
app/node_modules/negotiator/lib/language.js
app/node_modules/negotiator/lib/mediaType.js
app/node_modules/negotiator/package.json
app/node_modules/object-assign/
app/node_modules/object-assign/index.js
app/node_modules/object-assign/license
app/node_modules/object-assign/package.json
app/node_modules/object-assign/readme.md
app/node_modules/on-finished/
app/node_modules/on-finished/HISTORY.md
app/node_modules/on-finished/LICENSE
app/node_modules/on-finished/README.md
app/node_modules/on-finished/index.js
app/node_modules/on-finished/package.json
app/node_modules/parseurl/
app/node_modules/parseurl/HISTORY.md
app/node_modules/parseurl/LICENSE
app/node_modules/parseurl/README.md
app/node_modules/parseurl/index.js
app/node_modules/parseurl/package.json
app/node_modules/path-to-regexp/
app/node_modules/path-to-regexp/History.md
app/node_modules/path-to-regexp/LICENSE
app/node_modules/path-to-regexp/Readme.md
app/node_modules/path-to-regexp/index.js
app/node_modules/path-to-regexp/package.json
app/node_modules/proxy-addr/
app/node_modules/proxy-addr/HISTORY.md
app/node_modules/proxy-addr/LICENSE
app/node_modules/proxy-addr/README.md
app/node_modules/proxy-addr/index.js
app/node_modules/proxy-addr/package.json
app/node_modules/qs/
app/node_modules/qs/.editorconfig
app/node_modules/qs/.eslintignore
app/node_modules/qs/.eslintrc
app/node_modules/qs/CHANGELOG.md
app/node_modules/qs/LICENSE
app/node_modules/qs/README.md
app/node_modules/qs/dist/
app/node_modules/qs/dist/qs.js
app/node_modules/qs/lib/
app/node_modules/qs/lib/formats.js
app/node_modules/qs/lib/index.js
app/node_modules/qs/lib/parse.js
app/node_modules/qs/lib/stringify.js
app/node_modules/qs/lib/utils.js
app/node_modules/qs/package.json
app/node_modules/qs/test/
app/node_modules/qs/test/.eslintrc
app/node_modules/qs/test/index.js
app/node_modules/qs/test/parse.js
app/node_modules/qs/test/stringify.js
app/node_modules/qs/test/utils.js
app/node_modules/range-parser/
app/node_modules/range-parser/HISTORY.md
app/node_modules/range-parser/LICENSE
app/node_modules/range-parser/README.md
app/node_modules/range-parser/index.js
app/node_modules/range-parser/package.json
app/node_modules/raw-body/
app/node_modules/raw-body/HISTORY.md
app/node_modules/raw-body/LICENSE
app/node_modules/raw-body/README.md
app/node_modules/raw-body/index.d.ts
app/node_modules/raw-body/index.js
app/node_modules/raw-body/package.json
app/node_modules/safe-buffer/
app/node_modules/safe-buffer/LICENSE
app/node_modules/safe-buffer/README.md
app/node_modules/safe-buffer/index.d.ts
app/node_modules/safe-buffer/index.js
app/node_modules/safe-buffer/package.json
app/node_modules/safer-buffer/
app/node_modules/safer-buffer/LICENSE
app/node_modules/safer-buffer/Porting-Buffer.md
app/node_modules/safer-buffer/Readme.md
app/node_modules/safer-buffer/dangerous.js
app/node_modules/safer-buffer/package.json
app/node_modules/safer-buffer/safer.js
app/node_modules/safer-buffer/tests.js
app/node_modules/send/
app/node_modules/send/HISTORY.md
app/node_modules/send/LICENSE
app/node_modules/send/README.md
app/node_modules/send/index.js
app/node_modules/send/node_modules/
app/node_modules/send/node_modules/ms/
app/node_modules/send/node_modules/ms/index.js
app/node_modules/send/node_modules/ms/license.md
app/node_modules/send/node_modules/ms/package.json
app/node_modules/send/node_modules/ms/readme.md
app/node_modules/send/package.json
app/node_modules/serve-static/
app/node_modules/serve-static/HISTORY.md
app/node_modules/serve-static/LICENSE
app/node_modules/serve-static/README.md
app/node_modules/serve-static/index.js
app/node_modules/serve-static/package.json
app/node_modules/setprototypeof/
app/node_modules/setprototypeof/LICENSE
app/node_modules/setprototypeof/README.md
app/node_modules/setprototypeof/index.d.ts
app/node_modules/setprototypeof/index.js
app/node_modules/setprototypeof/package.json
app/node_modules/setprototypeof/test/
app/node_modules/setprototypeof/test/index.js
app/node_modules/statuses/
app/node_modules/statuses/HISTORY.md
app/node_modules/statuses/LICENSE
app/node_modules/statuses/README.md
app/node_modules/statuses/codes.json
app/node_modules/statuses/index.js
app/node_modules/statuses/package.json
app/node_modules/toidentifier/
app/node_modules/toidentifier/LICENSE
app/node_modules/toidentifier/README.md
app/node_modules/toidentifier/index.js
app/node_modules/toidentifier/package.json
app/node_modules/tslib/
app/node_modules/tslib/CopyrightNotice.txt
app/node_modules/tslib/LICENSE.txt
app/node_modules/tslib/README.md
app/node_modules/tslib/package.json
app/node_modules/tslib/tslib.d.ts
app/node_modules/tslib/tslib.es6.html
app/node_modules/tslib/tslib.es6.js
app/node_modules/tslib/tslib.html
app/node_modules/tslib/tslib.js
app/node_modules/type-is/
app/node_modules/type-is/HISTORY.md
app/node_modules/type-is/LICENSE
app/node_modules/type-is/README.md
app/node_modules/type-is/index.js
app/node_modules/type-is/package.json
app/node_modules/unpipe/
app/node_modules/unpipe/HISTORY.md
app/node_modules/unpipe/LICENSE
app/node_modules/unpipe/README.md
app/node_modules/unpipe/index.js
app/node_modules/unpipe/package.json
app/node_modules/utils-merge/
app/node_modules/utils-merge/.npmignore
app/node_modules/utils-merge/LICENSE
app/node_modules/utils-merge/README.md
app/node_modules/utils-merge/index.js
app/node_modules/utils-merge/package.json
app/node_modules/vary/
app/node_modules/vary/HISTORY.md
app/node_modules/vary/LICENSE
app/node_modules/vary/README.md
app/node_modules/vary/index.js
app/node_modules/vary/package.json
app/src/
app/src/app.js
app/src/config.js
app/src/controllers/
app/src/controllers/diagnoses.js
app/src/controllers/patients.js
app/src/controllers/ping.js
app/src/index.js
app/src/services/
app/src/services/diagnoseService.js
app/src/services/patientService.js
app/src/types.js
app/src/utils.js
app/tests/
app/tests/diagnoseService.test.js
app/tests/diagnoses.test.js
app/tests/patientService.test.js
app/tests/patients.test.js
app/tests/ping.test.js
app/tests/utils.test.js
dev/
dev/console
dev/pts/
dev/shm/
etc/
etc/hostname
etc/hosts
etc/mtab
etc/resolv.conf
lib/
lib/ld-musl-x86_64.so.1
lib/libcrypto.so.1.1
lib/libssl.so.1.1
lib/libz.so.1
lib/libz.so.1.2.11
proc/
sys/
usr/
usr/bin/
usr/bin/node
usr/lib/
usr/lib/libbrotlicommon.so.1
usr/lib/libbrotlicommon.so.1.0.9
usr/lib/libbrotlidec.so.1
usr/lib/libbrotlidec.so.1.0.9
usr/lib/libbrotlienc.so.1
usr/lib/libbrotlienc.so.1.0.9
usr/lib/libcares.so.2
usr/lib/libcares.so.2.4.0
usr/lib/libgcc_s.so.1
usr/lib/libnghttp2.so.14
usr/lib/libnghttp2.so.14.20.0
usr/lib/libstdc++.so.6
usr/lib/libstdc++.so.6.0.28
usr/lib/libuv.so.1
usr/lib/libuv.so.1.0.0
